
分配公共符号
公共符号            大小              文件

cpu_ms_loopcnt      0x4               arch/arm/mach-sunxi/pm/standby/standby_clock.o
pm_info             0x1c              arch/arm/mach-sunxi/pm/standby/standby.o
normal_standby_para_info
                    0x14              arch/arm/mach-sunxi/pm/standby/standby.o

内存配置

名称           来源             长度             属性
*default*        0x0000000000000000 0xffffffffffffffff

Linker script and memory map

                0x0000000000000000                __standby_start = .

.text           0x00000000f0000000     0x3240
 arch/arm/mach-sunxi/pm/standby/standby.o(.text.startup)
 *(.text)
 .text          0x00000000f0000000      0x470 arch/arm/mach-sunxi/pm/standby/standby.o
                0x00000000f0000000                standby_main
 .text          0x00000000f0000470       0x44 arch/arm/mach-sunxi/pm/standby/common.o
                0x00000000f0000470                standby_memcpy
                0x00000000f00004a0                standby_mdelay
 .text          0x00000000f00004b4       0xc4 arch/arm/mach-sunxi/pm/standby/standby_clock.o
                0x00000000f00004b4                standby_clk_init
                0x00000000f00004dc                standby_clk_exit
                0x00000000f00004e4                standby_clk_core2hosc
                0x00000000f0000514                standby_clk_ldoenable
                0x00000000f000054c                standby_clk_pll1enable
 .text          0x00000000f0000578       0x20 arch/arm/mach-sunxi/pm/standby/standby_ir.o
                0x00000000f0000578                standby_ir_init
                0x00000000f0000580                standby_ir_exit
                0x00000000f0000588                standby_ir_detect
                0x00000000f0000590                standby_ir_verify
 .text          0x00000000f0000598       0xa0 arch/arm/mach-sunxi/pm/standby/standby_key.o
                0x00000000f0000598                standby_key_init
                0x00000000f00005f0                standby_key_exit
                0x00000000f0000610                standby_query_key
 .text          0x00000000f0000638      0x23c arch/arm/mach-sunxi/pm/standby/standby_power.o
                0x00000000f0000638                standby_set_voltage
                0x00000000f00007a0                standby_get_voltage
 .text          0x00000000f0000874      0x334 arch/arm/mach-sunxi/pm/standby/standby_twi.o
                0x00000000f0000874                standby_twi_init
                0x00000000f00008c4                standby_twi_exit
                0x00000000f000090c                twi_byte_rw
 .text          0x00000000f0000ba8       0x20 arch/arm/mach-sunxi/pm/standby/standby_usb.o
                0x00000000f0000ba8                standby_usb_init
                0x00000000f0000bb0                standby_usb_exit
                0x00000000f0000bb8                standby_is_usb_status_change
                0x00000000f0000bc0                standby_query_usb_event
 .text          0x00000000f0000bc8        0x0 arch/arm/mach-sunxi/pm/standby/standby_delay.o
 .text          0x00000000f0000bc8      0x270 arch/arm/mach-sunxi/pm/standby/./arisc/standby_arisc.o
                0x00000000f0000bc8                standby_arisc_init
                0x00000000f0000bf4                standby_arisc_exit
                0x00000000f0000c20                standby_arisc_notify_restore
                0x00000000f0000c98                standby_arisc_check_restore_status
                0x00000000f0000d1c                standby_arisc_query_wakeup_src
                0x00000000f0000dc0                standby_arisc_standby_normal
 .text          0x00000000f0000e38      0x354 arch/arm/mach-sunxi/pm/standby/./arisc/arisc_hwmsgbox.o
                0x00000000f0000e38                arisc_hwmsgbox_init
                0x00000000f0000e40                arisc_hwmsgbox_exit
                0x00000000f0000e48                arisc_hwmsgbox_send_message
                0x00000000f0000f10                arisc_hwmsgbox_feedback_message
                0x00000000f0000fc0                arisc_hwmsgbox_enable_receiver_int
                0x00000000f0001014                arisc_hwmsgbox_query_receiver_pending
                0x00000000f0001040                arisc_hwmsgbox_clear_receiver_pending
                0x00000000f0001060                arisc_hwmsgbox_query_message
                0x00000000f0001158                arisc_message_valid
 .text          0x00000000f000118c       0x54 arch/arm/mach-sunxi/pm/standby/./arisc/arisc_hwspinlock.o
                0x00000000f000118c                arisc_hwspinlock_init
                0x00000000f0001194                arisc_hwspinlock_exit
                0x00000000f000119c                arisc_hwspin_lock_timeout
                0x00000000f00011c0                arisc_hwspin_unlock
 .text          0x00000000f00011e0       0xe0 arch/arm/mach-sunxi/pm/standby/./arisc/arisc_message_manager.o
                0x00000000f00011e0                arisc_message_manager_init
                0x00000000f0001208                arisc_message_manager_exit
                0x00000000f0001210                arisc_message_allocate
                0x00000000f0001294                arisc_message_free
 .text          0x00000000f00012c0      0x178 arch/arm/mach-sunxi/pm/standby/./../pm_debug.o
                0x00000000f00012c0                busy_waiting
                0x00000000f00012e0                save_mem_flag
                0x00000000f00012e4                clear_mem_flag
                0x00000000f00012e8                mem_status_init
                0x00000000f00012ec                mem_status_init_nommu
                0x00000000f00012f0                mem_status_clear
                0x00000000f0001310                mem_status_exit
                0x00000000f0001314                save_mem_status
                0x00000000f000133c                get_mem_status
                0x00000000f000134c                show_mem_status
                0x00000000f0001384                save_mem_status_nommu
                0x00000000f00013a0                save_cpux_mem_status_nommu
                0x00000000f00013bc                io_init
                0x00000000f00013d4                io_init_high
                0x00000000f00013ec                io_init_low
                0x00000000f0001404                io_high
 .text          0x00000000f0001438      0x1c4 arch/arm/mach-sunxi/pm/standby/./../mem_timing.o
                0x00000000f0001438                init_perfcounters
                0x00000000f0001464                backup_perfcounter
                0x00000000f0001480                restore_perfcounter
                0x00000000f000149c                get_cyclecount
                0x00000000f00014a4                reset_counter
                0x00000000f00014b4                change_runtime_env
                0x00000000f00014dc                delay_us
                0x00000000f0001568                delay_ms
                0x00000000f0001578                init_event_counter
                0x00000000f00015a4                set_event_counter
                0x00000000f00015d0                get_event_counter
 *fill*         0x00000000f00015fc        0x4 
 .text          0x00000000f0001600       0xa0 arch/arm/mach-sunxi/pm/standby/./../mem_mmu_pc.o
                0x00000000f0001600                save_mmu_state
                0x00000000f000163c                restore_mmu_state
 .text          0x00000000f00016a0      0x540 arch/arm/mach-sunxi/pm/standby/./../mem_mmu_pc_asm.o
                0x00000000f00016a0                save_sp
                0x00000000f00016ac                save_sp_nommu
                0x00000000f00016b8                restore_sp
                0x00000000f00016c0                get_sp
                0x00000000f00016d0                invalidate_dcache
                0x00000000f0001764                invalidate_icache
                0x00000000f000177c                flush_dcache
                0x00000000f0001818                flush_icache
                0x00000000f000183c                disable_cache
                0x00000000f000185c                disable_dcache
                0x00000000f0001878                disable_icache
                0x00000000f0001894                disable_l2cache
                0x00000000f00018b0                enable_cache
                0x00000000f00018d0                enable_icache
                0x00000000f00018ec                invalidate_branch_predictor
                0x00000000f0001904                disable_program_flow_prediction
                0x00000000f0001920                enable_program_flow_prediction
                0x00000000f000193c                mem_flush_tlb
                0x00000000f0001960                mem_preload_tlb
                0x00000000f0001a6c                disable_mmu
                0x00000000f0001a94                enable_mmu
                0x00000000f0001ad4                jump_to_suspend
                0x00000000f0001af0                jump_to_resume
                0x00000000f0001b10                jump_to_resume0
                0x00000000f0001b20                jump_to_resume0_nommu
 .text          0x00000000f0001be0      0x4c8 arch/arm/mach-sunxi/pm/standby/./../mem_serial.o
                0x00000000f0001c4c                serial_init_nommu
                0x00000000f0001d6c                serial_puts_nommu
                0x00000000f0001df4                serial_gets_nommu
                0x00000000f0001e80                serial_init
                0x00000000f0001f60                serial_exit
                0x00000000f0001f94                serial_puts
                0x00000000f000201c                serial_gets
 .text          0x00000000f00020a8      0x850 arch/arm/mach-sunxi/pm/standby/./../mem_printk.o
                0x00000000f0002300                printk
                0x00000000f00025fc                printk_nommu
 .text          0x00000000f00028f8      0x1dc arch/arm/mach-sunxi/pm/standby/./../mem_divlib.o
                0x00000000f00028f8                standby_delay
                0x00000000f0002920                standby_delay_cycle
                0x00000000f000292c                Ldiv0
                0x00000000f000293c                __aeabi_uidiv
                0x00000000f00029d8                __aeabi_idiv
                0x00000000f0002aa4                __aeabi_uidivmod
                0x00000000f0002abc                __aeabi_idivmod
 .text          0x00000000f0002ad4       0x60 arch/arm/mach-sunxi/pm/standby/./../mem_divlibc.o
                0x00000000f0002ad4                __mem_div0
                0x00000000f0002ae0                raw_lib_udiv
 .text          0x00000000f0002b34      0x18c arch/arm/mach-sunxi/pm/standby/./../mem_int.o
                0x00000000f0002b34                mem_int_init
                0x00000000f0002bc8                mem_int_exit
                0x00000000f0002c18                mem_enable_int
                0x00000000f0002c6c                mem_query_int
 .text          0x00000000f0002cc0      0x18c arch/arm/mach-sunxi/pm/standby/./../mem_tmr.o
                0x00000000f0002cc0                mem_tmr_save
                0x00000000f0002d18                mem_tmr_restore
                0x00000000f0002d68                mem_tmr_init
                0x00000000f0002d9c                mem_tmr_exit
                0x00000000f0002dc4                mem_tmr_enable_watchdog
                0x00000000f0002e0c                mem_tmr_disable_watchdog
 .text          0x00000000f0002e4c        0x0 arch/arm/mach-sunxi/pm/standby/./../mem_tmstmp.o
 .text          0x00000000f0002e4c      0x38c arch/arm/mach-sunxi/pm/standby/./../mem_clk.o
                0x00000000f0002e4c                mem_clk_init
                0x00000000f0002e7c                mem_get_ba
                0x00000000f0002e8c                mem_clk_save
                0x00000000f0002ec8                mem_clk_restore
                0x00000000f0002efc                mem_clk_setdiv
                0x00000000f0002f70                mem_clk_getdiv
                0x00000000f0002fb8                mem_clk_set_pll_factor
                0x00000000f0003024                mem_clk_get_pll_factor
                0x00000000f0003074                mem_clk_set_misc
                0x00000000f00030f4                mem_clk_get_misc
                0x00000000f0003154                mem_clk_get_cpu_freq
 .text          0x00000000f00031d8        0x0 arch/arm/mach-sunxi/pm/standby/./../mem_hwspinlock.o
 *(.rodata)
 .rodata        0x00000000f00031d8       0x40 arch/arm/mach-sunxi/pm/standby/standby_power.o
 .rodata        0x00000000f0003218        0xc arch/arm/mach-sunxi/pm/standby/standby_twi.o
 .rodata        0x00000000f0003224       0x10 arch/arm/mach-sunxi/pm/standby/./../mem_timing.o
 .rodata        0x00000000f0003234        0xc arch/arm/mach-sunxi/pm/standby/./../mem_serial.o

.rodata.str1.4  0x00000000f0003240      0x270
 .rodata.str1.4
                0x00000000f0003240      0x1f8 arch/arm/mach-sunxi/pm/standby/standby.o
 .rodata.str1.4
                0x00000000f0003438       0x17 arch/arm/mach-sunxi/pm/standby/./../pm_debug.o
                                         0x18 (size before relaxing)
 *fill*         0x00000000f000344f        0x1 
 .rodata.str1.4
                0x00000000f0003450       0x25 arch/arm/mach-sunxi/pm/standby/./../mem_printk.o
                                         0x28 (size before relaxing)
 *fill*         0x00000000f0003475        0x3 
 .rodata.str1.4
                0x00000000f0003478       0x1a arch/arm/mach-sunxi/pm/standby/./../mem_divlibc.o
                                         0x1c (size before relaxing)
 *fill*         0x00000000f0003492        0x2 
 .rodata.str1.4
                0x00000000f0003494       0x1c arch/arm/mach-sunxi/pm/standby/./../mem_int.o

.glue_7         0x00000000f00034b0        0x0
 .glue_7        0x00000000f00034b0        0x0 linker stubs

.glue_7t        0x00000000f00034b0        0x0
 .glue_7t       0x00000000f00034b0        0x0 linker stubs

.vfp11_veneer   0x00000000f00034b0        0x0
 .vfp11_veneer  0x00000000f00034b0        0x0 linker stubs

.v4_bx          0x00000000f00034b0        0x0
 .v4_bx         0x00000000f00034b0        0x0 linker stubs

.iplt           0x00000000f00034b0        0x0
 .iplt          0x00000000f00034b0        0x0 arch/arm/mach-sunxi/pm/standby/standby.o

.rel.dyn        0x00000000f00034b0        0x0
 .rel.iplt      0x00000000f00034b0        0x0 arch/arm/mach-sunxi/pm/standby/standby.o

.data           0x00000000f00034b0       0xac
 *(.data)
 .data          0x00000000f00034b0        0x0 arch/arm/mach-sunxi/pm/standby/standby.o
 .data          0x00000000f00034b0        0x0 arch/arm/mach-sunxi/pm/standby/common.o
 .data          0x00000000f00034b0        0x0 arch/arm/mach-sunxi/pm/standby/standby_clock.o
 .data          0x00000000f00034b0        0x0 arch/arm/mach-sunxi/pm/standby/standby_ir.o
 .data          0x00000000f00034b0        0x0 arch/arm/mach-sunxi/pm/standby/standby_key.o
 .data          0x00000000f00034b0       0xa8 arch/arm/mach-sunxi/pm/standby/standby_power.o
 .data          0x00000000f0003558        0x0 arch/arm/mach-sunxi/pm/standby/standby_twi.o
 .data          0x00000000f0003558        0x0 arch/arm/mach-sunxi/pm/standby/standby_usb.o
 .data          0x00000000f0003558        0x0 arch/arm/mach-sunxi/pm/standby/standby_delay.o
 .data          0x00000000f0003558        0x4 arch/arm/mach-sunxi/pm/standby/./arisc/standby_arisc.o
                0x00000000f0003558                arisc_sram_a2_vbase
 .data          0x00000000f000355c        0x0 arch/arm/mach-sunxi/pm/standby/./arisc/arisc_hwmsgbox.o
 .data          0x00000000f000355c        0x0 arch/arm/mach-sunxi/pm/standby/./arisc/arisc_hwspinlock.o
 .data          0x00000000f000355c        0x0 arch/arm/mach-sunxi/pm/standby/./arisc/arisc_message_manager.o
 .data          0x00000000f000355c        0x0 arch/arm/mach-sunxi/pm/standby/./../pm_debug.o
 .data          0x00000000f000355c        0x0 arch/arm/mach-sunxi/pm/standby/./../mem_timing.o
 .data          0x00000000f000355c        0x0 arch/arm/mach-sunxi/pm/standby/./../mem_mmu_pc.o
 .data          0x00000000f000355c        0x0 arch/arm/mach-sunxi/pm/standby/./../mem_mmu_pc_asm.o
 .data          0x00000000f000355c        0x0 arch/arm/mach-sunxi/pm/standby/./../mem_serial.o
 .data          0x00000000f000355c        0x0 arch/arm/mach-sunxi/pm/standby/./../mem_printk.o
 .data          0x00000000f000355c        0x0 arch/arm/mach-sunxi/pm/standby/./../mem_divlib.o
 .data          0x00000000f000355c        0x0 arch/arm/mach-sunxi/pm/standby/./../mem_divlibc.o
 .data          0x00000000f000355c        0x0 arch/arm/mach-sunxi/pm/standby/./../mem_int.o
 .data          0x00000000f000355c        0x0 arch/arm/mach-sunxi/pm/standby/./../mem_tmr.o
 .data          0x00000000f000355c        0x0 arch/arm/mach-sunxi/pm/standby/./../mem_tmstmp.o
 .data          0x00000000f000355c        0x0 arch/arm/mach-sunxi/pm/standby/./../mem_clk.o
 .data          0x00000000f000355c        0x0 arch/arm/mach-sunxi/pm/standby/./../mem_hwspinlock.o
                0x00000000f000355c                __bss_start = .

.igot.plt       0x00000000f000355c        0x0
 .igot.plt      0x00000000f000355c        0x0 arch/arm/mach-sunxi/pm/standby/standby.o

.bss            0x00000000f000355c      0x1d8
 *(.sbss)
 *(.scommon)
 *(.bss)
 .bss           0x00000000f000355c       0x24 arch/arm/mach-sunxi/pm/standby/standby.o
                0x00000000f0003560                d_cache_miss_start
                0x00000000f0003564                d_tlb_miss_start
                0x00000000f0003568                i_tlb_miss_start
                0x00000000f000356c                i_cache_miss_start
                0x00000000f0003570                d_cache_miss_end
                0x00000000f0003574                d_tlb_miss_end
                0x00000000f0003578                i_tlb_miss_end
                0x00000000f000357c                i_cache_miss_end
 .bss           0x00000000f0003580        0x0 arch/arm/mach-sunxi/pm/standby/common.o
 .bss           0x00000000f0003580       0x10 arch/arm/mach-sunxi/pm/standby/standby_clock.o
 .bss           0x00000000f0003590        0x0 arch/arm/mach-sunxi/pm/standby/standby_ir.o
 .bss           0x00000000f0003590        0xc arch/arm/mach-sunxi/pm/standby/standby_key.o
 .bss           0x00000000f000359c        0x0 arch/arm/mach-sunxi/pm/standby/standby_power.o
 .bss           0x00000000f000359c        0xc arch/arm/mach-sunxi/pm/standby/standby_twi.o
 .bss           0x00000000f00035a8        0x0 arch/arm/mach-sunxi/pm/standby/standby_usb.o
 .bss           0x00000000f00035a8        0x0 arch/arm/mach-sunxi/pm/standby/standby_delay.o
 .bss           0x00000000f00035a8        0x8 arch/arm/mach-sunxi/pm/standby/./arisc/standby_arisc.o
 .bss           0x00000000f00035b0        0x0 arch/arm/mach-sunxi/pm/standby/./arisc/arisc_hwmsgbox.o
 .bss           0x00000000f00035b0        0x0 arch/arm/mach-sunxi/pm/standby/./arisc/arisc_hwspinlock.o
 .bss           0x00000000f00035b0        0x8 arch/arm/mach-sunxi/pm/standby/./arisc/arisc_message_manager.o
 .bss           0x00000000f00035b8        0x4 arch/arm/mach-sunxi/pm/standby/./../pm_debug.o
                0x00000000f00035b8                print_flag
 .bss           0x00000000f00035bc       0x10 arch/arm/mach-sunxi/pm/standby/./../mem_timing.o
 .bss           0x00000000f00035cc        0x0 arch/arm/mach-sunxi/pm/standby/./../mem_mmu_pc.o
 .bss           0x00000000f00035cc        0x0 arch/arm/mach-sunxi/pm/standby/./../mem_mmu_pc_asm.o
 .bss           0x00000000f00035cc       0x10 arch/arm/mach-sunxi/pm/standby/./../mem_serial.o
 .bss           0x00000000f00035dc      0x100 arch/arm/mach-sunxi/pm/standby/./../mem_printk.o
 .bss           0x00000000f00036dc        0x0 arch/arm/mach-sunxi/pm/standby/./../mem_divlib.o
 .bss           0x00000000f00036dc        0x0 arch/arm/mach-sunxi/pm/standby/./../mem_divlibc.o
 .bss           0x00000000f00036dc        0x8 arch/arm/mach-sunxi/pm/standby/./../mem_int.o
 .bss           0x00000000f00036e4       0x10 arch/arm/mach-sunxi/pm/standby/./../mem_tmr.o
 .bss           0x00000000f00036f4        0x0 arch/arm/mach-sunxi/pm/standby/./../mem_tmstmp.o
 .bss           0x00000000f00036f4        0xc arch/arm/mach-sunxi/pm/standby/./../mem_clk.o
 .bss           0x00000000f0003700        0x0 arch/arm/mach-sunxi/pm/standby/./../mem_hwspinlock.o
 *(COMMON)
 COMMON         0x00000000f0003700       0x30 arch/arm/mach-sunxi/pm/standby/standby.o
                0x00000000f0003700                pm_info
                0x00000000f000371c                normal_standby_para_info
 COMMON         0x00000000f0003730        0x4 arch/arm/mach-sunxi/pm/standby/standby_clock.o
                0x00000000f0003730                cpu_ms_loopcnt
                0x00000000f0003734                __bss_end = .
                0x00000000f0003734                __standby_end = .
LOAD arch/arm/mach-sunxi/pm/standby/common.o
LOAD arch/arm/mach-sunxi/pm/standby/standby_clock.o
LOAD arch/arm/mach-sunxi/pm/standby/standby_ir.o
LOAD arch/arm/mach-sunxi/pm/standby/standby_key.o
LOAD arch/arm/mach-sunxi/pm/standby/standby_power.o
LOAD arch/arm/mach-sunxi/pm/standby/standby_twi.o
LOAD arch/arm/mach-sunxi/pm/standby/standby_usb.o
LOAD arch/arm/mach-sunxi/pm/standby/standby_delay.o
LOAD arch/arm/mach-sunxi/pm/standby/./arisc/standby_arisc.o
LOAD arch/arm/mach-sunxi/pm/standby/./arisc/arisc_hwmsgbox.o
LOAD arch/arm/mach-sunxi/pm/standby/./arisc/arisc_hwspinlock.o
LOAD arch/arm/mach-sunxi/pm/standby/./arisc/arisc_message_manager.o
LOAD arch/arm/mach-sunxi/pm/standby/./../pm_debug.o
LOAD arch/arm/mach-sunxi/pm/standby/./../mem_timing.o
LOAD arch/arm/mach-sunxi/pm/standby/./../mem_mmu_pc.o
LOAD arch/arm/mach-sunxi/pm/standby/./../mem_mmu_pc_asm.o
LOAD arch/arm/mach-sunxi/pm/standby/./../mem_serial.o
LOAD arch/arm/mach-sunxi/pm/standby/./../mem_printk.o
LOAD arch/arm/mach-sunxi/pm/standby/./../mem_divlib.o
LOAD arch/arm/mach-sunxi/pm/standby/./../mem_divlibc.o
LOAD arch/arm/mach-sunxi/pm/standby/./../mem_int.o
LOAD arch/arm/mach-sunxi/pm/standby/./../mem_tmr.o
LOAD arch/arm/mach-sunxi/pm/standby/./../mem_tmstmp.o
LOAD arch/arm/mach-sunxi/pm/standby/./../mem_clk.o
LOAD arch/arm/mach-sunxi/pm/standby/./../mem_hwspinlock.o
LOAD arch/arm/mach-sunxi/pm/standby/standby.o
OUTPUT(arch/arm/mach-sunxi/pm/standby/standby.elf elf32-littlearm)

.debug_info     0x0000000000000000     0x8757
 .debug_info    0x0000000000000000     0x1b50 arch/arm/mach-sunxi/pm/standby/standby.o
 .debug_info    0x0000000000001b50      0x12a arch/arm/mach-sunxi/pm/standby/common.o
 .debug_info    0x0000000000001c7a     0x1060 arch/arm/mach-sunxi/pm/standby/standby_clock.o
 .debug_info    0x0000000000002cda       0xcb arch/arm/mach-sunxi/pm/standby/standby_ir.o
 .debug_info    0x0000000000002da5      0x195 arch/arm/mach-sunxi/pm/standby/standby_key.o
 .debug_info    0x0000000000002f3a      0x3e6 arch/arm/mach-sunxi/pm/standby/standby_power.o
 .debug_info    0x0000000000003320      0x2d3 arch/arm/mach-sunxi/pm/standby/standby_twi.o
 .debug_info    0x00000000000035f3       0xea arch/arm/mach-sunxi/pm/standby/standby_usb.o
 .debug_info    0x00000000000036dd      0x623 arch/arm/mach-sunxi/pm/standby/./arisc/standby_arisc.o
 .debug_info    0x0000000000003d00      0x42a arch/arm/mach-sunxi/pm/standby/./arisc/arisc_hwmsgbox.o
 .debug_info    0x000000000000412a       0xf1 arch/arm/mach-sunxi/pm/standby/./arisc/arisc_hwspinlock.o
 .debug_info    0x000000000000421b      0x2a6 arch/arm/mach-sunxi/pm/standby/./arisc/arisc_message_manager.o
 .debug_info    0x00000000000044c1      0x2c9 arch/arm/mach-sunxi/pm/standby/./../pm_debug.o
 .debug_info    0x000000000000478a      0x478 arch/arm/mach-sunxi/pm/standby/./../mem_timing.o
 .debug_info    0x0000000000004c02      0x137 arch/arm/mach-sunxi/pm/standby/./../mem_mmu_pc.o
 .debug_info    0x0000000000004d39       0x85 arch/arm/mach-sunxi/pm/standby/./../mem_mmu_pc_asm.o
 .debug_info    0x0000000000004dbe     0x14f3 arch/arm/mach-sunxi/pm/standby/./../mem_serial.o
 .debug_info    0x00000000000062b1      0x93b arch/arm/mach-sunxi/pm/standby/./../mem_printk.o
 .debug_info    0x0000000000006bec       0x81 arch/arm/mach-sunxi/pm/standby/./../mem_divlib.o
 .debug_info    0x0000000000006c6d      0x138 arch/arm/mach-sunxi/pm/standby/./../mem_divlibc.o
 .debug_info    0x0000000000006da5      0x212 arch/arm/mach-sunxi/pm/standby/./../mem_int.o
 .debug_info    0x0000000000006fb7      0x38c arch/arm/mach-sunxi/pm/standby/./../mem_tmr.o
 .debug_info    0x0000000000007343       0x64 arch/arm/mach-sunxi/pm/standby/./../mem_tmstmp.o
 .debug_info    0x00000000000073a7     0x134c arch/arm/mach-sunxi/pm/standby/./../mem_clk.o
 .debug_info    0x00000000000086f3       0x64 arch/arm/mach-sunxi/pm/standby/./../mem_hwspinlock.o

.debug_abbrev   0x0000000000000000     0x1f23
 .debug_abbrev  0x0000000000000000      0x2b5 arch/arm/mach-sunxi/pm/standby/standby.o
 .debug_abbrev  0x00000000000002b5       0xc5 arch/arm/mach-sunxi/pm/standby/common.o
 .debug_abbrev  0x000000000000037a      0x19c arch/arm/mach-sunxi/pm/standby/standby_clock.o
 .debug_abbrev  0x0000000000000516       0x51 arch/arm/mach-sunxi/pm/standby/standby_ir.o
 .debug_abbrev  0x0000000000000567       0xe6 arch/arm/mach-sunxi/pm/standby/standby_key.o
 .debug_abbrev  0x000000000000064d      0x1fc arch/arm/mach-sunxi/pm/standby/standby_power.o
 .debug_abbrev  0x0000000000000849      0x183 arch/arm/mach-sunxi/pm/standby/standby_twi.o
 .debug_abbrev  0x00000000000009cc       0x7c arch/arm/mach-sunxi/pm/standby/standby_usb.o
 .debug_abbrev  0x0000000000000a48      0x188 arch/arm/mach-sunxi/pm/standby/./arisc/standby_arisc.o
 .debug_abbrev  0x0000000000000bd0      0x202 arch/arm/mach-sunxi/pm/standby/./arisc/arisc_hwmsgbox.o
 .debug_abbrev  0x0000000000000dd2       0x98 arch/arm/mach-sunxi/pm/standby/./arisc/arisc_hwspinlock.o
 .debug_abbrev  0x0000000000000e6a      0x18c arch/arm/mach-sunxi/pm/standby/./arisc/arisc_message_manager.o
 .debug_abbrev  0x0000000000000ff6      0x168 arch/arm/mach-sunxi/pm/standby/./../pm_debug.o
 .debug_abbrev  0x000000000000115e      0x20d arch/arm/mach-sunxi/pm/standby/./../mem_timing.o
 .debug_abbrev  0x000000000000136b       0xae arch/arm/mach-sunxi/pm/standby/./../mem_mmu_pc.o
 .debug_abbrev  0x0000000000001419       0x14 arch/arm/mach-sunxi/pm/standby/./../mem_mmu_pc_asm.o
 .debug_abbrev  0x000000000000142d      0x385 arch/arm/mach-sunxi/pm/standby/./../mem_serial.o
 .debug_abbrev  0x00000000000017b2      0x261 arch/arm/mach-sunxi/pm/standby/./../mem_printk.o
 .debug_abbrev  0x0000000000001a13       0x14 arch/arm/mach-sunxi/pm/standby/./../mem_divlib.o
 .debug_abbrev  0x0000000000001a27       0xd6 arch/arm/mach-sunxi/pm/standby/./../mem_divlibc.o
 .debug_abbrev  0x0000000000001afd       0xfd arch/arm/mach-sunxi/pm/standby/./../mem_int.o
 .debug_abbrev  0x0000000000001bfa       0xe3 arch/arm/mach-sunxi/pm/standby/./../mem_tmr.o
 .debug_abbrev  0x0000000000001cdd       0x26 arch/arm/mach-sunxi/pm/standby/./../mem_tmstmp.o
 .debug_abbrev  0x0000000000001d03      0x1fa arch/arm/mach-sunxi/pm/standby/./../mem_clk.o
 .debug_abbrev  0x0000000000001efd       0x26 arch/arm/mach-sunxi/pm/standby/./../mem_hwspinlock.o

.debug_loc      0x0000000000000000     0x2476
 .debug_loc     0x0000000000000000       0x62 arch/arm/mach-sunxi/pm/standby/standby.o
 .debug_loc     0x0000000000000062       0xec arch/arm/mach-sunxi/pm/standby/common.o
 .debug_loc     0x000000000000014e       0x2e arch/arm/mach-sunxi/pm/standby/standby_clock.o
 .debug_loc     0x000000000000017c      0x2ed arch/arm/mach-sunxi/pm/standby/standby_power.o
 .debug_loc     0x0000000000000469      0x35f arch/arm/mach-sunxi/pm/standby/standby_twi.o
 .debug_loc     0x00000000000007c8       0x21 arch/arm/mach-sunxi/pm/standby/standby_usb.o
 .debug_loc     0x00000000000007e9      0x211 arch/arm/mach-sunxi/pm/standby/./arisc/standby_arisc.o
 .debug_loc     0x00000000000009fa      0x253 arch/arm/mach-sunxi/pm/standby/./arisc/arisc_hwmsgbox.o
 .debug_loc     0x0000000000000c4d       0x42 arch/arm/mach-sunxi/pm/standby/./arisc/arisc_hwspinlock.o
 .debug_loc     0x0000000000000c8f       0xad arch/arm/mach-sunxi/pm/standby/./arisc/arisc_message_manager.o
 .debug_loc     0x0000000000000d3c       0x97 arch/arm/mach-sunxi/pm/standby/./../pm_debug.o
 .debug_loc     0x0000000000000dd3      0x2c1 arch/arm/mach-sunxi/pm/standby/./../mem_timing.o
 .debug_loc     0x0000000000001094      0x40e arch/arm/mach-sunxi/pm/standby/./../mem_serial.o
 .debug_loc     0x00000000000014a2      0x9bb arch/arm/mach-sunxi/pm/standby/./../mem_printk.o
 .debug_loc     0x0000000000001e5d      0x114 arch/arm/mach-sunxi/pm/standby/./../mem_divlibc.o
 .debug_loc     0x0000000000001f71      0x1e9 arch/arm/mach-sunxi/pm/standby/./../mem_int.o
 .debug_loc     0x000000000000215a       0x4a arch/arm/mach-sunxi/pm/standby/./../mem_tmr.o
 .debug_loc     0x00000000000021a4      0x2d2 arch/arm/mach-sunxi/pm/standby/./../mem_clk.o

.debug_aranges  0x0000000000000000      0x310
 .debug_aranges
                0x0000000000000000       0x20 arch/arm/mach-sunxi/pm/standby/standby.o
 .debug_aranges
                0x0000000000000020       0x20 arch/arm/mach-sunxi/pm/standby/common.o
 .debug_aranges
                0x0000000000000040       0x20 arch/arm/mach-sunxi/pm/standby/standby_clock.o
 .debug_aranges
                0x0000000000000060       0x20 arch/arm/mach-sunxi/pm/standby/standby_ir.o
 .debug_aranges
                0x0000000000000080       0x20 arch/arm/mach-sunxi/pm/standby/standby_key.o
 .debug_aranges
                0x00000000000000a0       0x20 arch/arm/mach-sunxi/pm/standby/standby_power.o
 .debug_aranges
                0x00000000000000c0       0x20 arch/arm/mach-sunxi/pm/standby/standby_twi.o
 .debug_aranges
                0x00000000000000e0       0x20 arch/arm/mach-sunxi/pm/standby/standby_usb.o
 .debug_aranges
                0x0000000000000100       0x20 arch/arm/mach-sunxi/pm/standby/./arisc/standby_arisc.o
 .debug_aranges
                0x0000000000000120       0x20 arch/arm/mach-sunxi/pm/standby/./arisc/arisc_hwmsgbox.o
 .debug_aranges
                0x0000000000000140       0x20 arch/arm/mach-sunxi/pm/standby/./arisc/arisc_hwspinlock.o
 .debug_aranges
                0x0000000000000160       0x20 arch/arm/mach-sunxi/pm/standby/./arisc/arisc_message_manager.o
 .debug_aranges
                0x0000000000000180       0x20 arch/arm/mach-sunxi/pm/standby/./../pm_debug.o
 .debug_aranges
                0x00000000000001a0       0x20 arch/arm/mach-sunxi/pm/standby/./../mem_timing.o
 .debug_aranges
                0x00000000000001c0       0x20 arch/arm/mach-sunxi/pm/standby/./../mem_mmu_pc.o
 .debug_aranges
                0x00000000000001e0       0x20 arch/arm/mach-sunxi/pm/standby/./../mem_mmu_pc_asm.o
 .debug_aranges
                0x0000000000000200       0x20 arch/arm/mach-sunxi/pm/standby/./../mem_serial.o
 .debug_aranges
                0x0000000000000220       0x20 arch/arm/mach-sunxi/pm/standby/./../mem_printk.o
 .debug_aranges
                0x0000000000000240       0x20 arch/arm/mach-sunxi/pm/standby/./../mem_divlib.o
 .debug_aranges
                0x0000000000000260       0x20 arch/arm/mach-sunxi/pm/standby/./../mem_divlibc.o
 .debug_aranges
                0x0000000000000280       0x20 arch/arm/mach-sunxi/pm/standby/./../mem_int.o
 .debug_aranges
                0x00000000000002a0       0x20 arch/arm/mach-sunxi/pm/standby/./../mem_tmr.o
 .debug_aranges
                0x00000000000002c0       0x18 arch/arm/mach-sunxi/pm/standby/./../mem_tmstmp.o
 .debug_aranges
                0x00000000000002d8       0x20 arch/arm/mach-sunxi/pm/standby/./../mem_clk.o
 .debug_aranges
                0x00000000000002f8       0x18 arch/arm/mach-sunxi/pm/standby/./../mem_hwspinlock.o

.debug_ranges   0x0000000000000000      0x258
 .debug_ranges  0x0000000000000000       0x18 arch/arm/mach-sunxi/pm/standby/standby.o
 .debug_ranges  0x0000000000000018       0x58 arch/arm/mach-sunxi/pm/standby/standby_power.o
 .debug_ranges  0x0000000000000070       0x50 arch/arm/mach-sunxi/pm/standby/./arisc/arisc_hwmsgbox.o
 .debug_ranges  0x00000000000000c0       0xe8 arch/arm/mach-sunxi/pm/standby/./../mem_serial.o
 .debug_ranges  0x00000000000001a8       0xb0 arch/arm/mach-sunxi/pm/standby/./../mem_printk.o

.debug_line     0x0000000000000000     0x1b0b
 .debug_line    0x0000000000000000      0x238 arch/arm/mach-sunxi/pm/standby/standby.o
 .debug_line    0x0000000000000238       0xc4 arch/arm/mach-sunxi/pm/standby/common.o
 .debug_line    0x00000000000002fc       0xd1 arch/arm/mach-sunxi/pm/standby/standby_clock.o
 .debug_line    0x00000000000003cd       0x98 arch/arm/mach-sunxi/pm/standby/standby_ir.o
 .debug_line    0x0000000000000465       0xcd arch/arm/mach-sunxi/pm/standby/standby_key.o
 .debug_line    0x0000000000000532      0x137 arch/arm/mach-sunxi/pm/standby/standby_power.o
 .debug_line    0x0000000000000669      0x176 arch/arm/mach-sunxi/pm/standby/standby_twi.o
 .debug_line    0x00000000000007df       0x99 arch/arm/mach-sunxi/pm/standby/standby_usb.o
 .debug_line    0x0000000000000878      0x17c arch/arm/mach-sunxi/pm/standby/./arisc/standby_arisc.o
 .debug_line    0x00000000000009f4      0x1b6 arch/arm/mach-sunxi/pm/standby/./arisc/arisc_hwmsgbox.o
 .debug_line    0x0000000000000baa       0x80 arch/arm/mach-sunxi/pm/standby/./arisc/arisc_hwspinlock.o
 .debug_line    0x0000000000000c2a       0xd9 arch/arm/mach-sunxi/pm/standby/./arisc/arisc_message_manager.o
 .debug_line    0x0000000000000d03       0xd5 arch/arm/mach-sunxi/pm/standby/./../pm_debug.o
 .debug_line    0x0000000000000dd8      0x11c arch/arm/mach-sunxi/pm/standby/./../mem_timing.o
 .debug_line    0x0000000000000ef4       0xb2 arch/arm/mach-sunxi/pm/standby/./../mem_mmu_pc.o
 .debug_line    0x0000000000000fa6      0x1b3 arch/arm/mach-sunxi/pm/standby/./../mem_mmu_pc_asm.o
 .debug_line    0x0000000000001159      0x20f arch/arm/mach-sunxi/pm/standby/./../mem_serial.o
 .debug_line    0x0000000000001368      0x2b8 arch/arm/mach-sunxi/pm/standby/./../mem_printk.o
 .debug_line    0x0000000000001620       0xaf arch/arm/mach-sunxi/pm/standby/./../mem_divlib.o
 .debug_line    0x00000000000016cf       0x95 arch/arm/mach-sunxi/pm/standby/./../mem_divlibc.o
 .debug_line    0x0000000000001764      0x105 arch/arm/mach-sunxi/pm/standby/./../mem_int.o
 .debug_line    0x0000000000001869       0xc6 arch/arm/mach-sunxi/pm/standby/./../mem_tmr.o
 .debug_line    0x000000000000192f       0x1d arch/arm/mach-sunxi/pm/standby/./../mem_tmstmp.o
 .debug_line    0x000000000000194c      0x1a2 arch/arm/mach-sunxi/pm/standby/./../mem_clk.o
 .debug_line    0x0000000000001aee       0x1d arch/arm/mach-sunxi/pm/standby/./../mem_hwspinlock.o

.debug_str      0x0000000000000000     0x22b3
 .debug_str     0x0000000000000000     0x1043 arch/arm/mach-sunxi/pm/standby/standby.o
                                       0x10d3 (size before relaxing)
 .debug_str     0x0000000000001043       0x64 arch/arm/mach-sunxi/pm/standby/common.o
                                        0x1f5 (size before relaxing)
 .debug_str     0x00000000000010a7       0x65 arch/arm/mach-sunxi/pm/standby/standby_clock.o
                                        0xa58 (size before relaxing)
 .debug_str     0x000000000000110c       0x70 arch/arm/mach-sunxi/pm/standby/standby_ir.o
                                        0x1e8 (size before relaxing)
 .debug_str     0x000000000000117c       0xcf arch/arm/mach-sunxi/pm/standby/standby_key.o
                                        0x27e (size before relaxing)
 .debug_str     0x000000000000124b      0x188 arch/arm/mach-sunxi/pm/standby/standby_power.o
                                        0x31d (size before relaxing)
 .debug_str     0x00000000000013d3      0x127 arch/arm/mach-sunxi/pm/standby/standby_twi.o
                                        0x2fa (size before relaxing)
 .debug_str     0x00000000000014fa       0x84 arch/arm/mach-sunxi/pm/standby/standby_usb.o
                                        0x207 (size before relaxing)
 .debug_str     0x000000000000157e      0x1cd arch/arm/mach-sunxi/pm/standby/./arisc/standby_arisc.o
                                        0x512 (size before relaxing)
 .debug_str     0x000000000000174b      0x10f arch/arm/mach-sunxi/pm/standby/./arisc/arisc_hwmsgbox.o
                                        0x38a (size before relaxing)
 .debug_str     0x000000000000185a       0x6d arch/arm/mach-sunxi/pm/standby/./arisc/arisc_hwspinlock.o
                                        0x213 (size before relaxing)
 .debug_str     0x00000000000018c7       0x69 arch/arm/mach-sunxi/pm/standby/./arisc/arisc_message_manager.o
                                        0x2de (size before relaxing)
 .debug_str     0x0000000000001930      0x137 arch/arm/mach-sunxi/pm/standby/./../pm_debug.o
                                        0x2d6 (size before relaxing)
 .debug_str     0x0000000000001a67      0x128 arch/arm/mach-sunxi/pm/standby/./../mem_timing.o
                                        0x37a (size before relaxing)
 .debug_str     0x0000000000001b8f       0x8f arch/arm/mach-sunxi/pm/standby/./../mem_mmu_pc.o
                                        0x211 (size before relaxing)
 .debug_str     0x0000000000001c1e      0x164 arch/arm/mach-sunxi/pm/standby/./../mem_serial.o
                                        0xb28 (size before relaxing)
 .debug_str     0x0000000000001d82       0xe0 arch/arm/mach-sunxi/pm/standby/./../mem_printk.o
                                        0x2a8 (size before relaxing)
 .debug_str     0x0000000000001e62       0x5e arch/arm/mach-sunxi/pm/standby/./../mem_divlibc.o
                                        0x1fb (size before relaxing)
 .debug_str     0x0000000000001ec0       0x73 arch/arm/mach-sunxi/pm/standby/./../mem_int.o
                                        0x2a2 (size before relaxing)
 .debug_str     0x0000000000001f33      0x1e5 arch/arm/mach-sunxi/pm/standby/./../mem_tmr.o
                                        0x3fe (size before relaxing)
 .debug_str     0x0000000000002118       0x31 arch/arm/mach-sunxi/pm/standby/./../mem_tmstmp.o
                                        0x1a3 (size before relaxing)
 .debug_str     0x0000000000002149      0x135 arch/arm/mach-sunxi/pm/standby/./../mem_clk.o
                                        0xb5a (size before relaxing)
 .debug_str     0x000000000000227e       0x35 arch/arm/mach-sunxi/pm/standby/./../mem_hwspinlock.o
                                        0x1a7 (size before relaxing)

.comment        0x0000000000000000       0x11
 .comment       0x0000000000000000       0x11 arch/arm/mach-sunxi/pm/standby/standby.o
                                         0x12 (size before relaxing)
 .comment       0x0000000000000011       0x12 arch/arm/mach-sunxi/pm/standby/common.o
 .comment       0x0000000000000011       0x12 arch/arm/mach-sunxi/pm/standby/standby_clock.o
 .comment       0x0000000000000011       0x12 arch/arm/mach-sunxi/pm/standby/standby_ir.o
 .comment       0x0000000000000011       0x12 arch/arm/mach-sunxi/pm/standby/standby_key.o
 .comment       0x0000000000000011       0x12 arch/arm/mach-sunxi/pm/standby/standby_power.o
 .comment       0x0000000000000011       0x12 arch/arm/mach-sunxi/pm/standby/standby_twi.o
 .comment       0x0000000000000011       0x12 arch/arm/mach-sunxi/pm/standby/standby_usb.o
 .comment       0x0000000000000011       0x12 arch/arm/mach-sunxi/pm/standby/./arisc/standby_arisc.o
 .comment       0x0000000000000011       0x12 arch/arm/mach-sunxi/pm/standby/./arisc/arisc_hwmsgbox.o
 .comment       0x0000000000000011       0x12 arch/arm/mach-sunxi/pm/standby/./arisc/arisc_hwspinlock.o
 .comment       0x0000000000000011       0x12 arch/arm/mach-sunxi/pm/standby/./arisc/arisc_message_manager.o
 .comment       0x0000000000000011       0x12 arch/arm/mach-sunxi/pm/standby/./../pm_debug.o
 .comment       0x0000000000000011       0x12 arch/arm/mach-sunxi/pm/standby/./../mem_timing.o
 .comment       0x0000000000000011       0x12 arch/arm/mach-sunxi/pm/standby/./../mem_mmu_pc.o
 .comment       0x0000000000000011       0x12 arch/arm/mach-sunxi/pm/standby/./../mem_serial.o
 .comment       0x0000000000000011       0x12 arch/arm/mach-sunxi/pm/standby/./../mem_printk.o
 .comment       0x0000000000000011       0x12 arch/arm/mach-sunxi/pm/standby/./../mem_divlibc.o
 .comment       0x0000000000000011       0x12 arch/arm/mach-sunxi/pm/standby/./../mem_int.o
 .comment       0x0000000000000011       0x12 arch/arm/mach-sunxi/pm/standby/./../mem_tmr.o
 .comment       0x0000000000000011       0x12 arch/arm/mach-sunxi/pm/standby/./../mem_tmstmp.o
 .comment       0x0000000000000011       0x12 arch/arm/mach-sunxi/pm/standby/./../mem_clk.o
 .comment       0x0000000000000011       0x12 arch/arm/mach-sunxi/pm/standby/./../mem_hwspinlock.o

.note.GNU-stack
                0x0000000000000000        0x0
 .note.GNU-stack
                0x0000000000000000        0x0 arch/arm/mach-sunxi/pm/standby/standby.o
 .note.GNU-stack
                0x0000000000000000        0x0 arch/arm/mach-sunxi/pm/standby/common.o
 .note.GNU-stack
                0x0000000000000000        0x0 arch/arm/mach-sunxi/pm/standby/standby_clock.o
 .note.GNU-stack
                0x0000000000000000        0x0 arch/arm/mach-sunxi/pm/standby/standby_ir.o
 .note.GNU-stack
                0x0000000000000000        0x0 arch/arm/mach-sunxi/pm/standby/standby_key.o
 .note.GNU-stack
                0x0000000000000000        0x0 arch/arm/mach-sunxi/pm/standby/standby_power.o
 .note.GNU-stack
                0x0000000000000000        0x0 arch/arm/mach-sunxi/pm/standby/standby_twi.o
 .note.GNU-stack
                0x0000000000000000        0x0 arch/arm/mach-sunxi/pm/standby/standby_usb.o
 .note.GNU-stack
                0x0000000000000000        0x0 arch/arm/mach-sunxi/pm/standby/./arisc/standby_arisc.o
 .note.GNU-stack
                0x0000000000000000        0x0 arch/arm/mach-sunxi/pm/standby/./arisc/arisc_hwmsgbox.o
 .note.GNU-stack
                0x0000000000000000        0x0 arch/arm/mach-sunxi/pm/standby/./arisc/arisc_hwspinlock.o
 .note.GNU-stack
                0x0000000000000000        0x0 arch/arm/mach-sunxi/pm/standby/./arisc/arisc_message_manager.o
 .note.GNU-stack
                0x0000000000000000        0x0 arch/arm/mach-sunxi/pm/standby/./../pm_debug.o
 .note.GNU-stack
                0x0000000000000000        0x0 arch/arm/mach-sunxi/pm/standby/./../mem_timing.o
 .note.GNU-stack
                0x0000000000000000        0x0 arch/arm/mach-sunxi/pm/standby/./../mem_mmu_pc.o
 .note.GNU-stack
                0x0000000000000000        0x0 arch/arm/mach-sunxi/pm/standby/./../mem_serial.o
 .note.GNU-stack
                0x0000000000000000        0x0 arch/arm/mach-sunxi/pm/standby/./../mem_printk.o
 .note.GNU-stack
                0x0000000000000000        0x0 arch/arm/mach-sunxi/pm/standby/./../mem_divlibc.o
 .note.GNU-stack
                0x0000000000000000        0x0 arch/arm/mach-sunxi/pm/standby/./../mem_int.o
 .note.GNU-stack
                0x0000000000000000        0x0 arch/arm/mach-sunxi/pm/standby/./../mem_tmr.o
 .note.GNU-stack
                0x0000000000000000        0x0 arch/arm/mach-sunxi/pm/standby/./../mem_tmstmp.o
 .note.GNU-stack
                0x0000000000000000        0x0 arch/arm/mach-sunxi/pm/standby/./../mem_clk.o
 .note.GNU-stack
                0x0000000000000000        0x0 arch/arm/mach-sunxi/pm/standby/./../mem_hwspinlock.o

.ARM.attributes
                0x0000000000000000       0x31
 .ARM.attributes
                0x0000000000000000       0x33 arch/arm/mach-sunxi/pm/standby/standby.o
 .ARM.attributes
                0x0000000000000033       0x33 arch/arm/mach-sunxi/pm/standby/common.o
 .ARM.attributes
                0x0000000000000066       0x33 arch/arm/mach-sunxi/pm/standby/standby_clock.o
 .ARM.attributes
                0x0000000000000099       0x33 arch/arm/mach-sunxi/pm/standby/standby_ir.o
 .ARM.attributes
                0x00000000000000cc       0x33 arch/arm/mach-sunxi/pm/standby/standby_key.o
 .ARM.attributes
                0x00000000000000ff       0x33 arch/arm/mach-sunxi/pm/standby/standby_power.o
 .ARM.attributes
                0x0000000000000132       0x33 arch/arm/mach-sunxi/pm/standby/standby_twi.o
 .ARM.attributes
                0x0000000000000165       0x33 arch/arm/mach-sunxi/pm/standby/standby_usb.o
 .ARM.attributes
                0x0000000000000198       0x1f arch/arm/mach-sunxi/pm/standby/standby_delay.o
 .ARM.attributes
                0x00000000000001b7       0x33 arch/arm/mach-sunxi/pm/standby/./arisc/standby_arisc.o
 .ARM.attributes
                0x00000000000001ea       0x33 arch/arm/mach-sunxi/pm/standby/./arisc/arisc_hwmsgbox.o
 .ARM.attributes
                0x000000000000021d       0x33 arch/arm/mach-sunxi/pm/standby/./arisc/arisc_hwspinlock.o
 .ARM.attributes
                0x0000000000000250       0x33 arch/arm/mach-sunxi/pm/standby/./arisc/arisc_message_manager.o
 .ARM.attributes
                0x0000000000000283       0x33 arch/arm/mach-sunxi/pm/standby/./../pm_debug.o
 .ARM.attributes
                0x00000000000002b6       0x33 arch/arm/mach-sunxi/pm/standby/./../mem_timing.o
 .ARM.attributes
                0x00000000000002e9       0x33 arch/arm/mach-sunxi/pm/standby/./../mem_mmu_pc.o
 .ARM.attributes
                0x000000000000031c       0x1f arch/arm/mach-sunxi/pm/standby/./../mem_mmu_pc_asm.o
 .ARM.attributes
                0x000000000000033b       0x33 arch/arm/mach-sunxi/pm/standby/./../mem_serial.o
 .ARM.attributes
                0x000000000000036e       0x33 arch/arm/mach-sunxi/pm/standby/./../mem_printk.o
 .ARM.attributes
                0x00000000000003a1       0x1f arch/arm/mach-sunxi/pm/standby/./../mem_divlib.o
 .ARM.attributes
                0x00000000000003c0       0x33 arch/arm/mach-sunxi/pm/standby/./../mem_divlibc.o
 .ARM.attributes
                0x00000000000003f3       0x33 arch/arm/mach-sunxi/pm/standby/./../mem_int.o
 .ARM.attributes
                0x0000000000000426       0x33 arch/arm/mach-sunxi/pm/standby/./../mem_tmr.o
 .ARM.attributes
                0x0000000000000459       0x33 arch/arm/mach-sunxi/pm/standby/./../mem_tmstmp.o
 .ARM.attributes
                0x000000000000048c       0x33 arch/arm/mach-sunxi/pm/standby/./../mem_clk.o
 .ARM.attributes
                0x00000000000004bf       0x33 arch/arm/mach-sunxi/pm/standby/./../mem_hwspinlock.o

.debug_frame    0x0000000000000000      0xb34
 .debug_frame   0x0000000000000000       0x30 arch/arm/mach-sunxi/pm/standby/standby.o
 .debug_frame   0x0000000000000030       0x30 arch/arm/mach-sunxi/pm/standby/common.o
 .debug_frame   0x0000000000000060       0x60 arch/arm/mach-sunxi/pm/standby/standby_clock.o
 .debug_frame   0x00000000000000c0       0x50 arch/arm/mach-sunxi/pm/standby/standby_ir.o
 .debug_frame   0x0000000000000110       0x4c arch/arm/mach-sunxi/pm/standby/standby_key.o
 .debug_frame   0x000000000000015c       0x70 arch/arm/mach-sunxi/pm/standby/standby_power.o
 .debug_frame   0x00000000000001cc       0x50 arch/arm/mach-sunxi/pm/standby/standby_twi.o
 .debug_frame   0x000000000000021c       0x50 arch/arm/mach-sunxi/pm/standby/standby_usb.o
 .debug_frame   0x000000000000026c       0xb4 arch/arm/mach-sunxi/pm/standby/./arisc/standby_arisc.o
 .debug_frame   0x0000000000000320       0xdc arch/arm/mach-sunxi/pm/standby/./arisc/arisc_hwmsgbox.o
 .debug_frame   0x00000000000003fc       0x50 arch/arm/mach-sunxi/pm/standby/./arisc/arisc_hwspinlock.o
 .debug_frame   0x000000000000044c       0x68 arch/arm/mach-sunxi/pm/standby/./arisc/arisc_message_manager.o
 .debug_frame   0x00000000000004b4      0x148 arch/arm/mach-sunxi/pm/standby/./../pm_debug.o
 .debug_frame   0x00000000000005fc       0xd4 arch/arm/mach-sunxi/pm/standby/./../mem_timing.o
 .debug_frame   0x00000000000006d0       0x30 arch/arm/mach-sunxi/pm/standby/./../mem_mmu_pc.o
 .debug_frame   0x0000000000000700       0xe8 arch/arm/mach-sunxi/pm/standby/./../mem_serial.o
 .debug_frame   0x00000000000007e8      0x12c arch/arm/mach-sunxi/pm/standby/./../mem_printk.o
 .debug_frame   0x0000000000000914       0x30 arch/arm/mach-sunxi/pm/standby/./../mem_divlibc.o
 .debug_frame   0x0000000000000944       0x70 arch/arm/mach-sunxi/pm/standby/./../mem_int.o
 .debug_frame   0x00000000000009b4       0x70 arch/arm/mach-sunxi/pm/standby/./../mem_tmr.o
 .debug_frame   0x0000000000000a24      0x110 arch/arm/mach-sunxi/pm/standby/./../mem_clk.o
